s00_enup            =  1.27482e-07 from=  3.00000e-08 to=  3.90140e-08
s00_ena             =  1.50379e-07 from=  3.00000e-08 to=  3.90140e-08
s00_pg              =  3.30000e+00 from=  3.00000e-08 to=  3.90140e-08
s00_ng              =  6.31301e-09 from=  3.00000e-08 to=  3.90140e-08
s00_apg             =  1.20000e+00 from=  3.00000e-08 to=  3.90140e-08
s00_ang             =  2.70638e-08 from=  3.00000e-08 to=  3.90140e-08
s00_ib              =   2.65997e-12 from=  3.00000e-08 to=  3.90000e-08
s00_ia              =   4.48167e-10 from=  3.00000e-08 to=  3.90000e-08
s01_enup            =  1.20000e+00 from=  7.00000e-08 to=  7.90059e-08
s01_ena             =  1.50379e-07 from=  7.00000e-08 to=  7.90059e-08
s01_pg              =  1.82530e-08 from=  7.00000e-08 to=  7.90059e-08
s01_ng              =  5.20418e-06 from=  7.00000e-08 to=  7.90059e-08
s01_apg             =  1.20000e+00 from=  7.00000e-08 to=  7.90059e-08
s01_ang             =  2.70638e-08 from=  7.00000e-08 to=  7.90059e-08
s01_ib              =   1.66125e-02 from=  7.00000e-08 to=  7.90000e-08
s01_ia              =   5.12949e-10 from=  7.00000e-08 to=  7.90000e-08
s02_enup            =  1.37596e-06 from=  1.10000e-07 to=  1.19005e-07
s02_ena             =  1.50378e-07 from=  1.10000e-07 to=  1.19005e-07
s02_pg              =  3.30000e+00 from=  1.10000e-07 to=  1.19005e-07
s02_ng              =  1.11552e-08 from=  1.10000e-07 to=  1.19005e-07
s02_apg             =  1.20000e+00 from=  1.10000e-07 to=  1.19005e-07
s02_ang             =  2.70638e-08 from=  1.10000e-07 to=  1.19005e-07
s02_ib              =   1.09319e-05 from=  1.10000e-07 to=  1.19000e-07
s02_ia              =   3.33955e-09 from=  1.10000e-07 to=  1.19000e-07
s03_enup            =  6.85836e-07 from=  1.50000e-07 to=  1.59024e-07
s03_ena             =  1.50379e-07 from=  1.50000e-07 to=  1.59024e-07
s03_pg              =  3.30000e+00 from=  1.50000e-07 to=  1.59024e-07
s03_ng              =  7.27702e-09 from=  1.50000e-07 to=  1.59024e-07
s03_apg             =  1.20000e+00 from=  1.50000e-07 to=  1.59024e-07
s03_ang             =  2.70638e-08 from=  1.50000e-07 to=  1.59024e-07
s03_ib              =   1.02105e-09 from=  1.50000e-07 to=  1.59000e-07
s03_ia              =   4.48184e-10 from=  1.50000e-07 to=  1.59000e-07
s04_enup            =  4.84848e-07 from=  1.90000e-07 to=  1.99003e-07
s04_ena             =  1.50379e-07 from=  1.90000e-07 to=  1.99003e-07
s04_pg              =  3.30000e+00 from=  1.90000e-07 to=  1.99003e-07
s04_ng              =  6.70921e-09 from=  1.90000e-07 to=  1.99003e-07
s04_apg             =  1.20000e+00 from=  1.90000e-07 to=  1.99003e-07
s04_ang             =  2.70638e-08 from=  1.90000e-07 to=  1.99003e-07
s04_ib              =   3.94393e-10 from=  1.90000e-07 to=  1.99000e-07
s04_ia              =   4.48546e-10 from=  1.90000e-07 to=  1.99000e-07
s05_enup            =  3.88874e-07 from=  2.30000e-07 to=  2.39024e-07
s05_ena             =  1.20000e+00 from=  2.30000e-07 to=  2.39024e-07
s05_pg              =  3.30000e+00 from=  2.30000e-07 to=  2.39024e-07
s05_ng              =  6.52736e-09 from=  2.30000e-07 to=  2.39024e-07
s05_apg             =  6.59735e-07 from=  2.30000e-07 to=  2.39024e-07
s05_ang             =  5.00365e-06 from=  2.30000e-07 to=  2.39024e-07
s05_ib              =   1.01097e-09 from=  2.30000e-07 to=  2.39000e-07
s05_ia              =   2.67487e-03 from=  2.30000e-07 to=  2.39000e-07
s06_enup            =  3.32754e-07 from=  2.70000e-07 to=  2.79015e-07
s06_ena             =  1.23697e-06 from=  2.70000e-07 to=  2.79015e-07
s06_pg              =  3.30000e+00 from=  2.70000e-07 to=  2.79015e-07
s06_ng              =  6.44711e-09 from=  2.70000e-07 to=  2.79015e-07
s06_apg             =  1.20000e+00 from=  2.70000e-07 to=  2.79015e-07
s06_ang             =  1.21382e-08 from=  2.70000e-07 to=  2.79015e-07
s06_ib              =   3.50691e-10 from=  2.70000e-07 to=  2.79000e-07
s06_ia              =   1.63482e-06 from=  2.70000e-07 to=  2.79000e-07
s07_enup            =  2.95907e-07 from=  3.10000e-07 to=  3.19024e-07
s07_ena             =  6.74566e-07 from=  3.10000e-07 to=  3.19024e-07
s07_pg              =  3.30000e+00 from=  3.10000e-07 to=  3.19024e-07
s07_ng              =  6.40466e-09 from=  3.10000e-07 to=  3.19024e-07
s07_apg             =  1.20000e+00 from=  3.10000e-07 to=  3.19024e-07
s07_ang             =  1.21250e-08 from=  3.10000e-07 to=  3.19024e-07
s07_ib              =   1.01909e-09 from=  3.10000e-07 to=  3.19000e-07
s07_ia              =   4.48041e-10 from=  3.10000e-07 to=  3.19000e-07
s08_enup            =  2.69804e-07 from=  3.50000e-07 to=  3.59012e-07
s08_ena             =  4.95149e-07 from=  3.50000e-07 to=  3.59012e-07
s08_pg              =  3.30000e+00 from=  3.50000e-07 to=  3.59012e-07
s08_ng              =  6.37962e-09 from=  3.50000e-07 to=  3.59012e-07
s08_apg             =  1.20000e+00 from=  3.50000e-07 to=  3.59012e-07
s08_ang             =  1.21244e-08 from=  3.50000e-07 to=  3.59012e-07
s08_ib              =   3.27455e-09 from=  3.50000e-07 to=  3.59000e-07
s08_ia              =   7.90005e-09 from=  3.50000e-07 to=  3.59000e-07
s09_enup            =  1.20000e+00 from=  3.90000e-07 to=  3.99024e-07
s09_ena             =  1.20003e+00 from=  3.90000e-07 to=  3.99024e-07
s09_pg              =  1.77215e+00 from=  3.90000e-07 to=  3.99024e-07
s09_ng              =  2.06328e+00 from=  3.90000e-07 to=  3.99024e-07
s09_apg             =  7.94794e-01 from=  3.90000e-07 to=  3.99024e-07
s09_ang             =  8.11747e-01 from=  3.90000e-07 to=  3.99024e-07
s09_ib              =   1.68855e-02 from=  3.90000e-07 to=  3.99000e-07
s09_ia              =   4.27477e-03 from=  3.90000e-07 to=  3.99000e-07
s10_enup            =  1.39016e-06 from=  4.30000e-07 to=  4.39001e-07
s10_ena             =  7.07024e-07 from=  4.30000e-07 to=  4.39001e-07
s10_pg              =  3.30000e+00 from=  4.30000e-07 to=  4.39001e-07
s10_ng              =  1.12382e-08 from=  4.30000e-07 to=  4.39001e-07
s10_apg             =  1.20000e+00 from=  4.30000e-07 to=  4.39001e-07
s10_ang             =  1.50376e-06 from=  4.30000e-07 to=  4.39001e-07
s10_ib              =   3.79395e-07 from=  4.30000e-07 to=  4.39000e-07
s10_ia              =   3.00986e-06 from=  4.30000e-07 to=  4.39000e-07
s11_enup            =  6.88803e-07 from=  4.70000e-07 to=  4.79024e-07
s11_ena             =  3.97954e-07 from=  4.70000e-07 to=  4.79024e-07
s11_pg              =  3.30000e+00 from=  4.70000e-07 to=  4.79024e-07
s11_ng              =  7.27389e-09 from=  4.70000e-07 to=  4.79024e-07
s11_apg             =  1.20000e+00 from=  4.70000e-07 to=  4.79024e-07
s11_ang             =  7.76002e-07 from=  4.70000e-07 to=  4.79024e-07
s11_ib              =   9.76317e-10 from=  4.70000e-07 to=  4.79000e-07
s11_ia              =   4.48136e-10 from=  4.70000e-07 to=  4.79000e-07
s12_enup            =  4.86065e-07 from=  5.10000e-07 to=  5.19014e-07
s12_ena             =  3.07210e-07 from=  5.10000e-07 to=  5.19014e-07
s12_pg              =  3.30000e+00 from=  5.10000e-07 to=  5.19014e-07
s12_ng              =  6.70836e-09 from=  5.10000e-07 to=  5.19014e-07
s12_apg             =  1.20000e+00 from=  5.10000e-07 to=  5.19014e-07
s12_ang             =  5.26600e-07 from=  5.10000e-07 to=  5.19014e-07
s12_ib              =   2.86108e-10 from=  5.10000e-07 to=  5.19000e-07
s12_ia              =   4.48245e-10 from=  5.10000e-07 to=  5.19000e-07
s13_enup            =  1.20000e+00 from=  5.50000e-07 to=  5.59024e-07
s13_ena             =  1.20003e+00 from=  5.50000e-07 to=  5.59024e-07
s13_pg              =  1.77215e+00 from=  5.50000e-07 to=  5.59024e-07
s13_ng              =  2.06328e+00 from=  5.50000e-07 to=  5.59024e-07
s13_apg             =  7.94793e-01 from=  5.50000e-07 to=  5.59024e-07
s13_ang             =  8.11746e-01 from=  5.50000e-07 to=  5.59024e-07
s13_ib              =   1.68849e-02 from=  5.50000e-07 to=  5.59000e-07
s13_ia              =   4.27477e-03 from=  5.50000e-07 to=  5.59000e-07
s14_enup            =  1.39017e-06 from=  5.90000e-07 to=  5.99001e-07
s14_ena             =  7.07025e-07 from=  5.90000e-07 to=  5.99001e-07
s14_pg              =  3.30000e+00 from=  5.90000e-07 to=  5.99001e-07
s14_ng              =  1.12435e-08 from=  5.90000e-07 to=  5.99001e-07
s14_apg             =  1.20000e+00 from=  5.90000e-07 to=  5.99001e-07
s14_ang             =  1.50376e-06 from=  5.90000e-07 to=  5.99001e-07
s14_ib              =   6.57910e-07 from=  5.90000e-07 to=  5.99000e-07
s14_ia              =   3.01094e-06 from=  5.90000e-07 to=  5.99000e-07
s15_enup            =  6.88804e-07 from=  6.30000e-07 to=  6.39024e-07
s15_ena             =  3.97954e-07 from=  6.30000e-07 to=  6.39024e-07
s15_pg              =  3.30000e+00 from=  6.30000e-07 to=  6.39024e-07
s15_ng              =  7.27390e-09 from=  6.30000e-07 to=  6.39024e-07
s15_apg             =  1.20000e+00 from=  6.30000e-07 to=  6.39024e-07
s15_ang             =  7.76001e-07 from=  6.30000e-07 to=  6.39024e-07
s15_ib              =   9.76309e-10 from=  6.30000e-07 to=  6.39000e-07
s15_ia              =   4.48136e-10 from=  6.30000e-07 to=  6.39000e-07
